
> taskflow-web@0.0.0 start
> ng serve --port 4200 --no-open

[33m❯[39m Building...
[32m✔[39m Building...
[1mInitial chunk files[22m[2m | [22m[1mNames[22m                        [2m | [22m [1mRaw size[22m
[32mstyles.css[39m         [2m | [22m[2mstyles[22m                       [2m | [22m [36m55.27 kB[39m[2m | [22m
[32mmain.js[39m            [2m | [22m[2mmain[22m                         [2m | [22m [36m12.79 kB[39m[2m | [22m
[32mchunk-R2IMUY4Y.js[39m  [2m | [22m[2m-[22m                            [2m | [22m  [36m9.71 kB[39m[2m | [22m
[32mchunk-UNQLWZPA.js[39m  [2m | [22m[2m-[22m                            [2m | [22m  [36m2.04 kB[39m[2m | [22m
[32mchunk-VUJOFXKG.js[39m  [2m | [22m[2m-[22m                            [2m | [22m[36m938 bytes[39m[2m | [22m

[1m [22m                  [2m | [22m[1mInitial total[22m                [2m | [22m [1m80.74 kB[22m

[1mLazy chunk files[22m   [2m | [22m[1mNames[22m                        [2m | [22m [1mRaw size[22m
[32mchunk-GIGKSSXU.js[39m  [2m | [22m[2msettings-component[22m           [2m | [22m [36m89.96 kB[39m[2m | [22m
[32mchunk-YZ5LW54P.js[39m  [2m | [22m[2mhome-component[22m               [2m | [22m [36m72.27 kB[39m[2m | [22m
[32mchunk-HDV23DZE.js[39m  [2m | [22m[2mregister-component[22m           [2m | [22m [36m49.58 kB[39m[2m | [22m
[32mchunk-XEMOKU2G.js[39m  [2m | [22m[2mforgot-password-component[22m    [2m | [22m [36m48.94 kB[39m[2m | [22m
[32mchunk-IOLDRKPV.js[39m  [2m | [22m[2minvoices-component[22m           [2m | [22m [36m48.61 kB[39m[2m | [22m
[32mchunk-DZTL3IWE.js[39m  [2m | [22m[2madmin-registrations-component[22m[2m | [22m [36m46.92 kB[39m[2m | [22m
[32mchunk-HZEAXGC2.js[39m  [2m | [22m[2mblocked-accounts-component[22m   [2m | [22m [36m43.37 kB[39m[2m | [22m
[32mchunk-QZMBMI4A.js[39m  [2m | [22m[2mexpenses-component[22m           [2m | [22m [36m41.98 kB[39m[2m | [22m
[32mchunk-ETOWIGXF.js[39m  [2m | [22m[2mchange-password-component[22m    [2m | [22m [36m40.88 kB[39m[2m | [22m
[32mchunk-YT2LSLQE.js[39m  [2m | [22m[2memployees-list-component[22m     [2m | [22m [36m36.85 kB[39m[2m | [22m
[32mchunk-QJY3H3XB.js[39m  [2m | [22m[2mlogin-component[22m              [2m | [22m [36m31.37 kB[39m[2m | [22m
[32mchunk-NJE5JWL5.js[39m  [2m | [22m[2mlayout-component[22m             [2m | [22m [36m29.62 kB[39m[2m | [22m
[32mchunk-LAEP7O2C.js[39m  [2m | [22m[2mclients-component[22m            [2m | [22m [36m28.29 kB[39m[2m | [22m
[32mchunk-YYDLHOBT.js[39m  [2m | [22m[2mroles-permissions-component[22m  [2m | [22m [36m25.70 kB[39m[2m | [22m
[32mchunk-EN5YIDBH.js[39m  [2m | [22m[2mcompany-setup-component[22m      [2m | [22m [36m20.67 kB[39m[2m | [22m
[2m...and 12 more lazy chunks files. Use "--verbose" to show all the files.[22m

Application bundle generation complete. [10.249 seconds] - 2026-04-05T18:00:49.397Z

Watch mode enabled. Watching for file changes...
NOTE: Raw file sizes do not reflect development server per-request transformations.
  [32m➜[39m  [1mLocal[22m:   [36mhttp://localhost:[1m4200[22m/[39m
[2m[32m  ➜[39m[22m[2m  press [22m[1mh + enter[22m[2m to show help[22m
[33m❯[39m Changes detected. Rebuilding...
[32m✔[39m Changes detected. Rebuilding...
[1mInitial chunk files[22m[2m | [22m[1mNames[22m            [2m | [22m[1mRaw size[22m
[32mmain.js[39m            [2m | [22m[2mmain[22m             [2m | [22m[36m12.79 kB[39m[2m | [22m

[1mLazy chunk files[22m   [2m | [22m[1mNames[22m            [2m | [22m[1mRaw size[22m
[32mchunk-V32I55O5.js[39m  [2m | [22m[2mclients-component[22m[2m | [22m[36m28.39 kB[39m[2m | [22m

Application bundle generation complete. [3.514 seconds] - 2026-04-05T18:07:36.443Z

Page reload sent to client(s).
[33m❯[39m Changes detected. Rebuilding...
[32m✔[39m Changes detected. Rebuilding...
[1mInitial chunk files[22m[2m | [22m[1mNames[22m                        [2m | [22m [1mRaw size[22m
[32mstyles.css[39m         [2m | [22m[2mstyles[22m                       [2m | [22m [36m55.27 kB[39m[2m | [22m
[32mmain.js[39m            [2m | [22m[2mmain[22m                         [2m | [22m [36m12.79 kB[39m[2m | [22m
[32mchunk-R2IMUY4Y.js[39m  [2m | [22m[2m-[22m                            [2m | [22m  [36m9.71 kB[39m[2m | [22m
[32mchunk-UNQLWZPA.js[39m  [2m | [22m[2m-[22m                            [2m | [22m  [36m2.04 kB[39m[2m | [22m
[32mchunk-VUJOFXKG.js[39m  [2m | [22m[2m-[22m                            [2m | [22m[36m938 bytes[39m[2m | [22m

[1m [22m                  [2m | [22m[1mInitial total[22m                [2m | [22m [1m80.74 kB[22m

[1mLazy chunk files[22m   [2m | [22m[1mNames[22m                        [2m | [22m [1mRaw size[22m
[32mchunk-GIGKSSXU.js[39m  [2m | [22m[2msettings-component[22m           [2m | [22m [36m89.96 kB[39m[2m | [22m
[32mchunk-YZ5LW54P.js[39m  [2m | [22m[2mhome-component[22m               [2m | [22m [36m72.27 kB[39m[2m | [22m
[32mchunk-HDV23DZE.js[39m  [2m | [22m[2mregister-component[22m           [2m | [22m [36m49.58 kB[39m[2m | [22m
[32mchunk-XEMOKU2G.js[39m  [2m | [22m[2mforgot-password-component[22m    [2m | [22m [36m48.94 kB[39m[2m | [22m
[32mchunk-IOLDRKPV.js[39m  [2m | [22m[2minvoices-component[22m           [2m | [22m [36m48.61 kB[39m[2m | [22m
[32mchunk-DZTL3IWE.js[39m  [2m | [22m[2madmin-registrations-component[22m[2m | [22m [36m46.92 kB[39m[2m | [22m
[32mchunk-HZEAXGC2.js[39m  [2m | [22m[2mblocked-accounts-component[22m   [2m | [22m [36m43.37 kB[39m[2m | [22m
[32mchunk-QZMBMI4A.js[39m  [2m | [22m[2mexpenses-component[22m           [2m | [22m [36m41.98 kB[39m[2m | [22m
[32mchunk-ETOWIGXF.js[39m  [2m | [22m[2mchange-password-component[22m    [2m | [22m [36m40.88 kB[39m[2m | [22m
[32mchunk-YT2LSLQE.js[39m  [2m | [22m[2memployees-list-component[22m     [2m | [22m [36m36.85 kB[39m[2m | [22m
[32mchunk-QJY3H3XB.js[39m  [2m | [22m[2mlogin-component[22m              [2m | [22m [36m31.37 kB[39m[2m | [22m
[32mchunk-NJE5JWL5.js[39m  [2m | [22m[2mlayout-component[22m             [2m | [22m [36m29.62 kB[39m[2m | [22m
[32mchunk-V32I55O5.js[39m  [2m | [22m[2mclients-component[22m            [2m | [22m [36m28.39 kB[39m[2m | [22m
[32mchunk-YYDLHOBT.js[39m  [2m | [22m[2mroles-permissions-component[22m  [2m | [22m [36m25.70 kB[39m[2m | [22m
[32mchunk-EN5YIDBH.js[39m  [2m | [22m[2mcompany-setup-component[22m      [2m | [22m [36m20.67 kB[39m[2m | [22m
[2m...and 12 more lazy chunks files. Use "--verbose" to show all the files.[22m

Application bundle generation complete. [0.297 seconds] - 2026-04-05T18:07:36.751Z

[33m❯[39m Changes detected. Rebuilding...
[32m✔[39m Changes detected. Rebuilding...
[1mInitial chunk files[22m[2m | [22m[1mNames[22m             [2m | [22m[1mRaw size[22m
[32mmain.js[39m            [2m | [22m[2mmain[22m              [2m | [22m[36m12.79 kB[39m[2m | [22m

[1mLazy chunk files[22m   [2m | [22m[1mNames[22m             [2m | [22m[1mRaw size[22m
[32mchunk-SEKDR7ZP.js[39m  [2m | [22m[2minvoices-component[22m[2m | [22m[36m48.66 kB[39m[2m | [22m

Application bundle generation complete. [0.696 seconds] - 2026-04-05T18:08:37.217Z

Page reload sent to client(s).
[33m❯[39m Changes detected. Rebuilding...
[32m✔[39m Changes detected. Rebuilding...
[1mInitial chunk files[22m[2m | [22m[1mNames[22m                        [2m | [22m [1mRaw size[22m
[32mstyles.css[39m         [2m | [22m[2mstyles[22m                       [2m | [22m [36m55.27 kB[39m[2m | [22m
[32mmain.js[39m            [2m | [22m[2mmain[22m                         [2m | [22m [36m12.79 kB[39m[2m | [22m
[32mchunk-R2IMUY4Y.js[39m  [2m | [22m[2m-[22m                            [2m | [22m  [36m9.71 kB[39m[2m | [22m
[32mchunk-UNQLWZPA.js[39m  [2m | [22m[2m-[22m                            [2m | [22m  [36m2.04 kB[39m[2m | [22m
[32mchunk-VUJOFXKG.js[39m  [2m | [22m[2m-[22m                            [2m | [22m[36m938 bytes[39m[2m | [22m

[1m [22m                  [2m | [22m[1mInitial total[22m                [2m | [22m [1m80.74 kB[22m

[1mLazy chunk files[22m   [2m | [22m[1mNames[22m                        [2m | [22m [1mRaw size[22m
[32mchunk-GIGKSSXU.js[39m  [2m | [22m[2msettings-component[22m           [2m | [22m [36m89.96 kB[39m[2m | [22m
[32mchunk-YZ5LW54P.js[39m  [2m | [22m[2mhome-component[22m               [2m | [22m [36m72.27 kB[39m[2m | [22m
[32mchunk-HDV23DZE.js[39m  [2m | [22m[2mregister-component[22m           [2m | [22m [36m49.58 kB[39m[2m | [22m
[32mchunk-XEMOKU2G.js[39m  [2m | [22m[2mforgot-password-component[22m    [2m | [22m [36m48.94 kB[39m[2m | [22m
[32mchunk-SEKDR7ZP.js[39m  [2m | [22m[2minvoices-component[22m           [2m | [22m [36m48.66 kB[39m[2m | [22m
[32mchunk-DZTL3IWE.js[39m  [2m | [22m[2madmin-registrations-component[22m[2m | [22m [36m46.92 kB[39m[2m | [22m
[32mchunk-HZEAXGC2.js[39m  [2m | [22m[2mblocked-accounts-component[22m   [2m | [22m [36m43.37 kB[39m[2m | [22m
[32mchunk-QZMBMI4A.js[39m  [2m | [22m[2mexpenses-component[22m           [2m | [22m [36m41.98 kB[39m[2m | [22m
[32mchunk-ETOWIGXF.js[39m  [2m | [22m[2mchange-password-component[22m    [2m | [22m [36m40.88 kB[39m[2m | [22m
[32mchunk-YT2LSLQE.js[39m  [2m | [22m[2memployees-list-component[22m     [2m | [22m [36m36.85 kB[39m[2m | [22m
[32mchunk-QJY3H3XB.js[39m  [2m | [22m[2mlogin-component[22m              [2m | [22m [36m31.37 kB[39m[2m | [22m
[32mchunk-NJE5JWL5.js[39m  [2m | [22m[2mlayout-component[22m             [2m | [22m [36m29.62 kB[39m[2m | [22m
[32mchunk-V32I55O5.js[39m  [2m | [22m[2mclients-component[22m            [2m | [22m [36m28.39 kB[39m[2m | [22m
[32mchunk-YYDLHOBT.js[39m  [2m | [22m[2mroles-permissions-component[22m  [2m | [22m [36m25.70 kB[39m[2m | [22m
[32mchunk-EN5YIDBH.js[39m  [2m | [22m[2mcompany-setup-component[22m      [2m | [22m [36m20.67 kB[39m[2m | [22m
[2m...and 12 more lazy chunks files. Use "--verbose" to show all the files.[22m

Application bundle generation complete. [0.385 seconds] - 2026-04-05T18:08:38.498Z

